dry-run:tb_admin.departamentos:department-insert
dry-run:tb_admin.usuarios:user-insert
dry-run:tb_rh.colaboradores:collaborator-user-merge
dry-run:tb_rh.colaboradores:collaborator-job-title-merge
dry-run:tb_integracao.clientes:integration-client-insert
dry-run:tb_regularize.clientes:regularize-client-merge
dry-run:tb_regularize.clientes:regularize-client-insert
dry-run:tb_integracao.tarefas_express:task-model-insert
dry-run:tb_integracao.planos:project-plan-insert
dry-run:tb_integracao.tarefas_planos:project-plan-task-insert
dry-run:tb_integracao.tarefas:task-model-lookup
dry-run:tb_integracao.tarefas:task-model-derived
dry-run:tb_integracao.tarefas:task-project-lookup
dry-run:tb_integracao.tarefas:task-project-derived
dry-run:tb_integracao.tarefas:task-insert
dry-run:tb_regularize.alvaras:license-insert
dry-run:tb_regularize.processos:process-insert
dry-run:tb_regularize.orientaoes_processual:guidance-process-lookup
dry-run:tb_regularize.orientaoes_processual:guidance-process-derived
dry-run:tb_regularize.orientaoes_processual:guidance-insert
dry-run:tb_regularize.orientaoes_processual.socios:guidance-partners-aggregate
dry-run:tb_regularize.taxas_municipais:municipal-tax-insert
dry-run:tb_regularize.clientes_senhas:credential-site-gov-br
dry-run:tb_regularize.clientes_senhas:credential-site-regularize
dry-run:tb_regularize.clientes_senhas:credential-site-simples
dry-run:tb_regularize.clientes_senhas:credential-site-bacen
dry-run:tb_regularize.clientes_senhas:credential-site-mei
dry-run:tb_regularize.clientes_senhas:credential-site-sefaz
dry-run:tb_regularize.clientes_senhas:credential-site-webiss-master
dry-run:tb_regularize.clientes_senhas:credential-site-webiss-cpf
dry-run:tb_regularize.clientes_senhas:credential-site-seifsa
dry-run:tb_regularize.clientes_senhas:credential-slot-gov-br
dry-run:tb_regularize.clientes_senhas:credential-slot-regularize
dry-run:tb_regularize.clientes_senhas:credential-slot-simples
dry-run:tb_regularize.clientes_senhas:credential-slot-bacen
dry-run:tb_regularize.clientes_senhas:credential-slot-mei
dry-run:tb_regularize.clientes_senhas:credential-slot-sefaz
dry-run:tb_regularize.clientes_senhas:credential-slot-webiss-master
dry-run:tb_regularize.clientes_senhas:credential-slot-webiss-cpf-1
dry-run:tb_regularize.clientes_senhas:credential-slot-webiss-cpf-2
dry-run:tb_regularize.clientes_senhas:credential-slot-seifsa
dry-run:tb_admin.logs:admin-log-insert
dry-run:tb_admin.permissoes_certificado:permission-certificado-merge
dry-run:tb_admin.permissoes_contabil:permission-contabil-merge
dry-run:tb_admin.permissoes_financeiro:permission-financeiro-merge
dry-run:tb_admin.permissoes_fiscal:permission-fiscal-merge
dry-run:tb_admin.permissoes_integracao:permission-integracao-merge
dry-run:tb_admin.permissoes_parcelamento:permission-parcelamento-merge
dry-run:tb_admin.permissoes_pessoal:permission-pessoal-merge
dry-run:tb_admin.permissoes_regularize:permission-regularize-merge
dry-run:tb_admin.permissoes_rh:permission-rh-merge
dry-run:tb_contabil.clientes_mov:contabil-client-movement-insert
dry-run:tb_contabil.clientes_observacao:contabil-client-history-insert
dry-run:tb_contabil.controle:contabil-control-insert
dry-run:tb_contabil.relacoes:contabil-relationship-insert
dry-run:tb_fiscal.icms:fiscal-icms-insert
dry-run:tb_fiscal.ipi:fiscal-ipi-insert
dry-run:tb_fiscal.tributacao_pis_cofins:fiscal-ncm-insert
dry-run:tb_integracao.grupos:integration-group-insert
dry-run:tb_integracao.pa:integration-pa-merge
dry-run:tb_integracao.pa_historicos:integration-pa-history-insert
dry-run:tb_integracao.tarefas_dependentes:task-dependent-insert
dry-run:tb_integracao.tarefas_express_distrato:termination-task-model-insert
dry-run:tb_integracao.tarefas_regularize:task-regularize-link-insert
dry-run:tb_regularize.grupos:regularize-group-insert
dry-run:tb_regularize.grupos_integrantes:regularize-group-member-insert
dry-run:tb_regularize.orientaoes_processual.atividades:guidance-activities-aggregate
dry-run:tb_regularize.pf:regularize-client-pf-insert
dry-run:tb_regularize.pf_empresas:regularize-partner-insert
dry-run:tb_regularize.vencimento:client-pf-rg-expiration-merge
dry-run:tb_regularize.vencimento:client-pf-cnh-expiration-merge
dry-run:tb_pessoal.bem:tb_pessoal-bem-password-insert
dry-run:tb_pessoal.bsf:tb_pessoal-bsf-password-insert
dry-run:tb_pessoal.codigos_acesso:tb_pessoal-codigos_acesso-password-insert
dry-run:tb_pessoal.contri_assis:tb_pessoal-contri_assis-password-insert
dry-run:tb_pessoal.empregador_web:tb_pessoal-empregador_web-password-insert
dry-run:tb_pessoal.clientes_situacoes:pessoal-situation-insert
dry-run:tb_pessoal.folhas:pessoal-payroll-insert
dry-run:tb_pessoal.ldd:pessoal-ldd-insert
dry-run:tb_pessoal.obrigacoes:pessoal-obligation-insert
dry-run:tb_pessoal.sindicato:pessoal-union-insert
dry-run:tb_rh.alergias:user-allergies-merge
dry-run:tb_rh.contatos_emergencia:user-emergency-contacts-merge
dry-run:tb_rh.feriados:rh-holiday-insert
dry-run:tb_rh.pontos:rh-point-config-insert
dry-run:tb_rh.pontos_adicionais_folhas:rh-time-bank-release-insert
dry-run:tb_rh.pontos_folhas:rh-time-sheet-insert
dry-run:tb_rh.pontos_registros:rh-point-insert
dry-run:tb_rh.pontos_solicitacoes:rh-time-clock-request-insert
dry-run:tb_rh.score:rh-score-insert
dry-run:tb_rh.score_avaliacoes:rh-score-evaluation-insert
dry-run:tb_rh.score_nitro:rh-score-nitro-insert
dry-run:tb_rh.score_perguntas:rh-score-question-insert
dry-run:tb_rh.solicitacoes:rh-request-insert
dry-run:tb_rh.solicitacoes_categorias:rh-request-category-insert
dry-run:tb_rh.solicitacoes_mensagens:rh-request-message-insert
dry-run:tb_tecnologia.estoque:technology-stock-category-derived
dry-run:tb_tecnologia.estoque:technology-stock-location-derived
dry-run:tb_tecnologia.estoque:technology-stock-item-insert
dry-run:tb_tecnologia.estoque_entradas:technology-stock-entry-insert
dry-run:tb_tecnologia.estoque_saidas:technology-stock-exit-insert
dry-run:tb_tecnologia.inventario:technology-inventory-assigned-insert
dry-run:tb_tecnologia.inventario_itens:technology-inventory-location-item-insert
dry-run:tb_tecnologia.inventario_loc:technology-inventory-location-insert
dry-run:tb_tecnologia.opcoes:technology-inventory-category-insert
dry-run:tb_tecnologia.senhas:technology-password-insert
dry-run:tb_tecnologia.termos:technology-term-insert
dry-run:tb_certificados.pf:certificate-pf-insert
dry-run:tb_certificados.pj:certificate-pj-insert
dry-run:tb_parcelamento.clientes:parcelamento-client-lookup
dry-run:tb_parcelamento.parcelamentos:parcelamento-installment-insert
dry-run:tb_parcelamento.competencia:parcelamento-installment-competency-insert
dry-run:tb_cbc.panorama_parcelamentos:parcelamento-panorama-insert
dry-run:tb_cbc.emails:shared-email-recipient-insert
dry-run:tb_cbs.estoque:cbs-stock-insert
dry-run:tb_cbs.estoque_categorias:cbs-stock-category-insert
dry-run:tb_cbs.estoque_entradas:cbs-stock-entry-insert
dry-run:tb_cbs.estoque_inventario:cbs-inventory-category-insert
dry-run:tb_cbs.estoque_localizacoes:cbs-stock-location-insert
dry-run:tb_cbs.estoque_saidas:cbs-stock-exit-insert
dry-run:tb_pec.notas:pec-note-insert
dry-run:tb_workspace.solicitacoes:workspace-ti-request-insert
dry-run:tb_workspace.solicitacoes_categorias:workspace-ti-category-insert
dry-run:tb_workspace.solicitacoes_mensagens:workspace-ti-message-insert
